
> crm-portal@0.1.0 build
> tsc && vite build

[36mvite v4.5.14 [32mbuilding for production...[36m[39m
transforming...
[plugin:vite:esbuild] Duplicate member "hasPermission" in class body
541|     * and resource-specific permissions (customers:update, customers:delete, customers:create)
542|     */
543|    hasPermission(permission: string): boolean {
   |    ^
544|      try {
545|        const userStr = localStorage.getItem('sb_current_user');

[32mΓ£ô[39m 5934 modules transformed.
rendering chunks...
[plugin:vite:reporter] 
(!) C:/Users/RZ/source/repos/PDS-CRM-Application/CRMV9_NEWTHEME/src/modules/features/tickets/services/ticketService.ts is dynamically imported by C:/Users/RZ/source/repos/PDS-CRM-Application/CRMV9_NEWTHEME/src/modules/features/tickets/index.ts but also statically imported by C:/Users/RZ/source/repos/PDS-CRM-Application/CRMV9_NEWTHEME/src/modules/features/tickets/index.ts, dynamic import will not move module into another chunk.

[plugin:vite:reporter] 
(!) C:/Users/RZ/source/repos/PDS-CRM-Application/CRMV9_NEWTHEME/src/modules/features/contracts/services/contractService.ts is dynamically imported by C:/Users/RZ/source/repos/PDS-CRM-Application/CRMV9_NEWTHEME/src/modules/features/contracts/index.ts but also statically imported by C:/Users/RZ/source/repos/PDS-CRM-Application/CRMV9_NEWTHEME/src/modules/features/contracts/index.ts, dynamic import will not move module into another chunk.

[plugin:vite:reporter] 
(!) C:/Users/RZ/source/repos/PDS-CRM-Application/CRMV9_NEWTHEME/src/modules/features/masters/services/companyService.ts is dynamically imported by C:/Users/RZ/source/repos/PDS-CRM-Application/CRMV9_NEWTHEME/src/modules/features/masters/index.ts but also statically imported by C:/Users/RZ/source/repos/PDS-CRM-Application/CRMV9_NEWTHEME/src/modules/features/masters/index.ts, dynamic import will not move module into another chunk.

[plugin:vite:reporter] 
(!) C:/Users/RZ/source/repos/PDS-CRM-Application/CRMV9_NEWTHEME/src/modules/features/masters/services/productService.ts is dynamically imported by C:/Users/RZ/source/repos/PDS-CRM-Application/CRMV9_NEWTHEME/src/modules/features/masters/index.ts but also statically imported by C:/Users/RZ/source/repos/PDS-CRM-Application/CRMV9_NEWTHEME/src/modules/features/masters/index.ts, dynamic import will not move module into another chunk.

[plugin:vite:reporter] 
(!) C:/Users/RZ/source/repos/PDS-CRM-Application/CRMV9_NEWTHEME/src/modules/features/customers/services/customerService.ts is dynamically imported by C:/Users/RZ/source/repos/PDS-CRM-Application/CRMV9_NEWTHEME/src/modules/features/customers/index.ts but also statically imported by C:/Users/RZ/source/repos/PDS-CRM-Application/CRMV9_NEWTHEME/src/modules/features/customers/index.ts, dynamic import will not move module into another chunk.

[plugin:vite:reporter] 
(!) C:/Users/RZ/source/repos/PDS-CRM-Application/CRMV9_NEWTHEME/src/modules/features/jobworks/services/jobWorksService.ts is dynamically imported by C:/Users/RZ/source/repos/PDS-CRM-Application/CRMV9_NEWTHEME/src/modules/features/jobworks/index.ts but also statically imported by C:/Users/RZ/source/repos/PDS-CRM-Application/CRMV9_NEWTHEME/src/modules/features/jobworks/index.ts, dynamic import will not move module into another chunk.

[plugin:vite:reporter] 
(!) C:/Users/RZ/source/repos/PDS-CRM-Application/CRMV9_NEWTHEME/src/modules/features/dashboard/services/dashboardService.ts is dynamically imported by C:/Users/RZ/source/repos/PDS-CRM-Application/CRMV9_NEWTHEME/src/modules/features/dashboard/index.ts but also statically imported by C:/Users/RZ/source/repos/PDS-CRM-Application/CRMV9_NEWTHEME/src/modules/features/dashboard/index.ts, dynamic import will not move module into another chunk.

[plugin:vite:reporter] 
(!) C:/Users/RZ/source/repos/PDS-CRM-Application/CRMV9_NEWTHEME/src/services/supabase/client.ts is dynamically imported by C:/Users/RZ/source/repos/PDS-CRM-Application/CRMV9_NEWTHEME/src/services/supabase/queryBuilders.ts but also statically imported by C:/Users/RZ/source/repos/PDS-CRM-Application/CRMV9_NEWTHEME/src/services/api/supabase/auditDashboardService.ts, C:/Users/RZ/source/repos/PDS-CRM-Application/CRMV9_NEWTHEME/src/services/api/supabase/auditRetentionService.ts, C:/Users/RZ/source/repos/PDS-CRM-Application/CRMV9_NEWTHEME/src/services/api/supabase/auditService.ts, C:/Users/RZ/source/repos/PDS-CRM-Application/CRMV9_NEWTHEME/src/services/api/supabase/complianceNotificationService.ts, C:/Users/RZ/source/repos/PDS-CRM-Application/CRMV9_NEWTHEME/src/services/api/supabase/complianceReportService.ts, C:/Users/RZ/source/repos/PDS-CRM-Application/CRMV9_NEWTHEME/src/services/api/supabase/impersonationRateLimitService.ts, C:/Users/RZ/source/repos/PDS-CRM-Application/CRMV9_NEWTHEME/src/services/api/supabase/impersonationService.ts, C:/Users/RZ/source/repos/PDS-CRM-Application/CRMV9_NEWTHEME/src/services/api/supabase/roleRequestService.ts, C:/Users/RZ/source/repos/PDS-CRM-Application/CRMV9_NEWTHEME/src/services/api/supabase/superAdminManagementService.ts, C:/Users/RZ/source/repos/PDS-CRM-Application/CRMV9_NEWTHEME/src/services/api/supabase/tenantDirectoryService.ts, C:/Users/RZ/source/repos/PDS-CRM-Application/CRMV9_NEWTHEME/src/services/api/supabase/tenantMetricsService.ts, C:/Users/RZ/source/repos/PDS-CRM-Application/CRMV9_NEWTHEME/src/services/database.ts, C:/Users/RZ/source/repos/PDS-CRM-Application/CRMV9_NEWTHEME/src/services/supabase/authService.ts, C:/Users/RZ/source/repos/PDS-CRM-Application/CRMV9_NEWTHEME/src/services/supabase/baseService.ts, C:/Users/RZ/source/repos/PDS-CRM-Application/CRMV9_NEWTHEME/src/services/supabase/companyService.ts, C:/Users/RZ/source/repos/PDS-CRM-Application/CRMV9_NEWTHEME/src/services/supabase/contractService.ts, C:/Users/RZ/source/repos/PDS-CRM-Application/CRMV9_NEWTHEME/src/services/supabase/customerService.ts, C:/Users/RZ/source/repos/PDS-CRM-Application/CRMV9_NEWTHEME/src/services/supabase/index.ts, C:/Users/RZ/source/repos/PDS-CRM-Application/CRMV9_NEWTHEME/src/services/supabase/jobWorkService.ts, C:/Users/RZ/source/repos/PDS-CRM-Application/CRMV9_NEWTHEME/src/services/supabase/multiTenantService.ts, C:/Users/RZ/source/repos/PDS-CRM-Application/CRMV9_NEWTHEME/src/services/supabase/notificationService.ts, C:/Users/RZ/source/repos/PDS-CRM-Application/CRMV9_NEWTHEME/src/services/supabase/productSaleService.ts, C:/Users/RZ/source/repos/PDS-CRM-Application/CRMV9_NEWTHEME/src/services/supabase/productService.ts, C:/Users/RZ/source/repos/PDS-CRM-Application/CRMV9_NEWTHEME/src/services/supabase/salesService.ts, C:/Users/RZ/source/repos/PDS-CRM-Application/CRMV9_NEWTHEME/src/services/supabase/serviceContractService.ts, C:/Users/RZ/source/repos/PDS-CRM-Application/CRMV9_NEWTHEME/src/services/supabase/ticketService.ts, dynamic import will not move module into another chunk.

computing gzip size...
[2mdist/[22m[32mindex.html                                             [39m[1m[2m    1.43 kB[22m[1m[22m[2m Γöé gzip:   0.52 kB[22m
[2mdist/[22m[35massets/AuditSummaryDashboard-860fbbd0.css              [39m[1m[2m    1.50 kB[22m[1m[22m[2m Γöé gzip:   0.51 kB[22m
[2mdist/[22m[35massets/index-67d5feff.css                              [39m[1m[2m  118.04 kB[22m[1m[22m[2m Γöé gzip:  20.04 kB[22m
[2mdist/[22m[36massets/AuditSummaryDashboard.module-8a86d7eb.js        [39m[1m[2m    0.00 kB[22m[1m[22m[2m Γöé gzip:   0.02 kB[22m
[2mdist/[22m[36massets/serviceContainer-46a0481d.js                    [39m[1m[2m    0.10 kB[22m[1m[22m[2m Γöé gzip:   0.11 kB[22m
[2mdist/[22m[36massets/extendsObject-bdadc4da.js                       [39m[1m[2m    0.13 kB[22m[1m[22m[2m Γöé gzip:   0.13 kB[22m
[2mdist/[22m[36massets/zap-2d6ed5c6.js                                 [39m[1m[2m    0.15 kB[22m[1m[22m[2m Γöé gzip:   0.15 kB[22m
[2mdist/[22m[36massets/filter-581c1483.js                              [39m[1m[2m    0.16 kB[22m[1m[22m[2m Γöé gzip:   0.15 kB[22m
[2mdist/[22m[36massets/send-4fe524f4.js                                [39m[1m[2m    0.16 kB[22m[1m[22m[2m Γöé gzip:   0.16 kB[22m
[2mdist/[22m[36massets/user-35077443.js                                [39m[1m[2m    0.19 kB[22m[1m[22m[2m Γöé gzip:   0.18 kB[22m
[2mdist/[22m[36massets/trending-up-d51a0f78.js                         [39m[1m[2m    0.20 kB[22m[1m[22m[2m Γöé gzip:   0.18 kB[22m
[2mdist/[22m[36massets/x-circle-941599dd.js                            [39m[1m[2m    0.20 kB[22m[1m[22m[2m Γöé gzip:   0.17 kB[22m
[2mdist/[22m[36massets/mail-ef961ace.js                                [39m[1m[2m    0.21 kB[22m[1m[22m[2m Γöé gzip:   0.19 kB[22m
[2mdist/[22m[36massets/dollar-sign-5d0b402d.js                         [39m[1m[2m    0.22 kB[22m[1m[22m[2m Γöé gzip:   0.19 kB[22m
[2mdist/[22m[36massets/target-4bc3bf87.js                              [39m[1m[2m    0.22 kB[22m[1m[22m[2m Γöé gzip:   0.16 kB[22m
[2mdist/[22m[36massets/index-aeb7ea34.js                               [39m[1m[2m    0.23 kB[22m[1m[22m[2m Γöé gzip:   0.17 kB[22m
[2mdist/[22m[36massets/context-0ee43616.js                             [39m[1m[2m    0.27 kB[22m[1m[22m[2m Γöé gzip:   0.21 kB[22m
[2mdist/[22m[36massets/globe-7316ba75.js                               [39m[1m[2m    0.30 kB[22m[1m[22m[2m Γöé gzip:   0.21 kB[22m
[2mdist/[22m[36massets/calendar-1f7890ab.js                            [39m[1m[2m    0.31 kB[22m[1m[22m[2m Γöé gzip:   0.21 kB[22m
[2mdist/[22m[36massets/CloseOutlined-8d677672.js                       [39m[1m[2m    0.38 kB[22m[1m[22m[2m Γöé gzip:   0.28 kB[22m
[2mdist/[22m[36massets/phone-b1300147.js                               [39m[1m[2m    0.39 kB[22m[1m[22m[2m Γöé gzip:   0.25 kB[22m
[2mdist/[22m[36massets/FileOutlined-fff01ef1.js                        [39m[1m[2m    0.40 kB[22m[1m[22m[2m Γöé gzip:   0.30 kB[22m
[2mdist/[22m[36massets/PlusOutlined-1b811aa9.js                        [39m[1m[2m    0.41 kB[22m[1m[22m[2m Γöé gzip:   0.30 kB[22m
[2mdist/[22m[36massets/SearchOutlined-82702ba5.js                      [39m[1m[2m    0.41 kB[22m[1m[22m[2m Γöé gzip:   0.30 kB[22m
[2mdist/[22m[36massets/EyeOutlined-9ba2d93a.js                         [39m[1m[2m    0.42 kB[22m[1m[22m[2m Γöé gzip:   0.31 kB[22m
[2mdist/[22m[36massets/CopyOutlined-3cb34bfc.js                        [39m[1m[2m    0.42 kB[22m[1m[22m[2m Γöé gzip:   0.31 kB[22m
[2mdist/[22m[36massets/FileOutlined-f80a3651.js                        [39m[1m[2m    0.42 kB[22m[1m[22m[2m Γöé gzip:   0.31 kB[22m
[2mdist/[22m[36massets/styleChecker-966013c9.js                        [39m[1m[2m    0.42 kB[22m[1m[22m[2m Γöé gzip:   0.26 kB[22m
[2mdist/[22m[36massets/CalendarOutlined-def9e0cc.js                    [39m[1m[2m    0.42 kB[22m[1m[22m[2m Γöé gzip:   0.31 kB[22m
[2mdist/[22m[36massets/DownloadOutlined-df9cb12e.js                    [39m[1m[2m    0.42 kB[22m[1m[22m[2m Γöé gzip:   0.31 kB[22m
[2mdist/[22m[36massets/ClockCircleOutlined-74be8025.js                 [39m[1m[2m    0.42 kB[22m[1m[22m[2m Γöé gzip:   0.31 kB[22m
[2mdist/[22m[36massets/fade-a9d53c30.js                                [39m[1m[2m    0.45 kB[22m[1m[22m[2m Γöé gzip:   0.28 kB[22m
[2mdist/[22m[36massets/DownloadOutlined-6cd35f11.js                    [39m[1m[2m    0.47 kB[22m[1m[22m[2m Γöé gzip:   0.31 kB[22m
[2mdist/[22m[36massets/useService-79625215.js                          [39m[1m[2m    0.51 kB[22m[1m[22m[2m Γöé gzip:   0.30 kB[22m
[2mdist/[22m[36massets/CalendarOutlined-7f254e9b.js                    [39m[1m[2m    0.52 kB[22m[1m[22m[2m Γöé gzip:   0.32 kB[22m
[2mdist/[22m[36massets/BaseService-7a34d678.js                         [39m[1m[2m    0.53 kB[22m[1m[22m[2m Γöé gzip:   0.35 kB[22m
[2mdist/[22m[36massets/ClockCircleOutlined-ad3ed1e5.js                 [39m[1m[2m    0.54 kB[22m[1m[22m[2m Γöé gzip:   0.34 kB[22m
[2mdist/[22m[36massets/CopyOutlined-d9215ad4.js                        [39m[1m[2m    0.54 kB[22m[1m[22m[2m Γöé gzip:   0.37 kB[22m
[2mdist/[22m[36massets/useTenantContext-5aa16602.js                    [39m[1m[2m    0.60 kB[22m[1m[22m[2m Γöé gzip:   0.32 kB[22m
[2mdist/[22m[36massets/useSuperAdminManagement-4431f0d6.js             [39m[1m[2m    0.64 kB[22m[1m[22m[2m Γöé gzip:   0.40 kB[22m
[2mdist/[22m[36massets/EyeOutlined-53cc40ff.js                         [39m[1m[2m    0.64 kB[22m[1m[22m[2m Γöé gzip:   0.40 kB[22m
[2mdist/[22m[36massets/MoreOutlined-c5c4dc8b.js                        [39m[1m[2m    0.64 kB[22m[1m[22m[2m Γöé gzip:   0.42 kB[22m
[2mdist/[22m[36massets/FilterOutlined-3c58230f.js                      [39m[1m[2m    0.77 kB[22m[1m[22m[2m Γöé gzip:   0.56 kB[22m
[2mdist/[22m[36massets/CreditCardOutlined-33dc5d98.js                  [39m[1m[2m    0.78 kB[22m[1m[22m[2m Γöé gzip:   0.53 kB[22m
[2mdist/[22m[36massets/RiseOutlined-5c8a170e.js                        [39m[1m[2m    0.80 kB[22m[1m[22m[2m Γöé gzip:   0.55 kB[22m
[2mdist/[22m[36massets/WarningOutlined-d82f6a32.js                     [39m[1m[2m    0.82 kB[22m[1m[22m[2m Γöé gzip:   0.57 kB[22m
[2mdist/[22m[36massets/UploadOutlined-144d18e1.js                      [39m[1m[2m    0.82 kB[22m[1m[22m[2m Γöé gzip:   0.56 kB[22m
[2mdist/[22m[36massets/SwapOutlined-ffd423fd.js                        [39m[1m[2m    0.83 kB[22m[1m[22m[2m Γöé gzip:   0.58 kB[22m
[2mdist/[22m[36massets/BankOutlined-34207313.js                        [39m[1m[2m    0.84 kB[22m[1m[22m[2m Γöé gzip:   0.58 kB[22m
[2mdist/[22m[36massets/InfoCircleOutlined-85c87639.js                  [39m[1m[2m    0.86 kB[22m[1m[22m[2m Γöé gzip:   0.55 kB[22m
[2mdist/[22m[36massets/ExclamationCircleOutlined-54007553.js           [39m[1m[2m    0.86 kB[22m[1m[22m[2m Γöé gzip:   0.55 kB[22m
[2mdist/[22m[36massets/MailOutlined-47077be1.js                        [39m[1m[2m    0.86 kB[22m[1m[22m[2m Γöé gzip:   0.57 kB[22m
[2mdist/[22m[36massets/ShoppingOutlined-8bcd29bc.js                    [39m[1m[2m    0.86 kB[22m[1m[22m[2m Γöé gzip:   0.56 kB[22m
[2mdist/[22m[36massets/LockOutlined-bc23e35a.js                        [39m[1m[2m    0.86 kB[22m[1m[22m[2m Γöé gzip:   0.58 kB[22m
[2mdist/[22m[36massets/DeleteOutlined-edbb603e.js                      [39m[1m[2m    0.86 kB[22m[1m[22m[2m Γöé gzip:   0.58 kB[22m
[2mdist/[22m[36massets/UnlockOutlined-1cc98524.js                      [39m[1m[2m    0.88 kB[22m[1m[22m[2m Γöé gzip:   0.59 kB[22m
[2mdist/[22m[36massets/CheckCircleOutlined-1112bbce.js                 [39m[1m[2m    0.91 kB[22m[1m[22m[2m Γöé gzip:   0.60 kB[22m
[2mdist/[22m[36massets/ExportOutlined-8f7a8149.js                      [39m[1m[2m    0.93 kB[22m[1m[22m[2m Γöé gzip:   0.61 kB[22m
[2mdist/[22m[36massets/EditOutlined-3d6cbe73.js                        [39m[1m[2m    0.93 kB[22m[1m[22m[2m Γöé gzip:   0.63 kB[22m
[2mdist/[22m[36massets/SaveOutlined-4ff4e343.js                        [39m[1m[2m    0.95 kB[22m[1m[22m[2m Γöé gzip:   0.61 kB[22m
[2mdist/[22m[36massets/ActionButton-ae6d2fc2.js                        [39m[1m[2m    0.96 kB[22m[1m[22m[2m Γöé gzip:   0.59 kB[22m
[2mdist/[22m[36massets/SendOutlined-e647fe76.js                        [39m[1m[2m    0.97 kB[22m[1m[22m[2m Γöé gzip:   0.65 kB[22m
[2mdist/[22m[36massets/BgColorsOutlined-fdbea975.js                    [39m[1m[2m    0.99 kB[22m[1m[22m[2m Γöé gzip:   0.64 kB[22m
[2mdist/[22m[36massets/ClearOutlined-71e564f5.js                       [39m[1m[2m    1.02 kB[22m[1m[22m[2m Γöé gzip:   0.63 kB[22m
[2mdist/[22m[36massets/ReloadOutlined-a02c795b.js                      [39m[1m[2m    1.21 kB[22m[1m[22m[2m Γöé gzip:   0.75 kB[22m
[2mdist/[22m[36massets/LinkOutlined-c81e492f.js                        [39m[1m[2m    1.21 kB[22m[1m[22m[2m Γöé gzip:   0.64 kB[22m
[2mdist/[22m[36massets/SyncOutlined-15ead680.js                        [39m[1m[2m    1.25 kB[22m[1m[22m[2m Γöé gzip:   0.80 kB[22m
[2mdist/[22m[36massets/PhoneOutlined-1a1c145b.js                       [39m[1m[2m    1.26 kB[22m[1m[22m[2m Γöé gzip:   0.76 kB[22m
[2mdist/[22m[36massets/DollarOutlined-6d2f6ec3.js                      [39m[1m[2m    1.35 kB[22m[1m[22m[2m Γöé gzip:   0.84 kB[22m
[2mdist/[22m[36massets/CloseCircleOutlined-b7f601af.js                 [39m[1m[2m    1.35 kB[22m[1m[22m[2m Γöé gzip:   0.74 kB[22m
[2mdist/[22m[36massets/textarea-1b173fd1.js                            [39m[1m[2m    1.38 kB[22m[1m[22m[2m Γöé gzip:   0.50 kB[22m
[2mdist/[22m[36massets/useTenantDirectory-e312942e.js                  [39m[1m[2m    1.41 kB[22m[1m[22m[2m Γöé gzip:   0.62 kB[22m
[2mdist/[22m[36massets/MessageOutlined-af12cfdd.js                     [39m[1m[2m    1.43 kB[22m[1m[22m[2m Γöé gzip:   0.85 kB[22m
[2mdist/[22m[36massets/EnvironmentOutlined-f59d44d4.js                 [39m[1m[2m    1.47 kB[22m[1m[22m[2m Γöé gzip:   0.90 kB[22m
[2mdist/[22m[36massets/ApiOutlined-b79b12bf.js                         [39m[1m[2m    1.59 kB[22m[1m[22m[2m Γöé gzip:   0.85 kB[22m
[2mdist/[22m[36massets/PageHeader-d1009e56.js                          [39m[1m[2m    1.66 kB[22m[1m[22m[2m Γöé gzip:   0.99 kB[22m
[2mdist/[22m[36massets/progress-9a15b7a2.js                            [39m[1m[2m    1.90 kB[22m[1m[22m[2m Γöé gzip:   0.95 kB[22m
[2mdist/[22m[36massets/usePermissions-2be68655.js                      [39m[1m[2m    2.35 kB[22m[1m[22m[2m Γöé gzip:   0.89 kB[22m
[2mdist/[22m[36massets/useSuperUserManagement-526df405.js              [39m[1m[2m    2.36 kB[22m[1m[22m[2m Γöé gzip:   0.77 kB[22m
[2mdist/[22m[36massets/ThunderboltOutlined-7144ed95.js                 [39m[1m[2m    2.46 kB[22m[1m[22m[2m Γöé gzip:   1.15 kB[22m
[2mdist/[22m[36massets/useTenantMetrics-9e487c9b.js                    [39m[1m[2m    3.01 kB[22m[1m[22m[2m Γöé gzip:   1.14 kB[22m
[2mdist/[22m[36massets/index-1c6d368c.js                               [39m[1m[2m    3.04 kB[22m[1m[22m[2m Γöé gzip:   1.02 kB[22m
[2mdist/[22m[36massets/useMutation-c3d155dc.js                         [39m[1m[2m    3.04 kB[22m[1m[22m[2m Γöé gzip:   1.25 kB[22m
[2mdist/[22m[36massets/index-456acb61.js                               [39m[1m[2m    3.28 kB[22m[1m[22m[2m Γöé gzip:   1.05 kB[22m
[2mdist/[22m[36massets/GlobalOutlined-04d986dd.js                      [39m[1m[2m    3.38 kB[22m[1m[22m[2m Γöé gzip:   1.72 kB[22m
[2mdist/[22m[36massets/StatCard-0fbcba38.js                            [39m[1m[2m    3.45 kB[22m[1m[22m[2m Γöé gzip:   1.55 kB[22m
[2mdist/[22m[36massets/MultiTenantComparison-d7051449.js               [39m[1m[2m    3.58 kB[22m[1m[22m[2m Γöé gzip:   1.68 kB[22m
[2mdist/[22m[36massets/index-609a7c55.js                               [39m[1m[2m    3.77 kB[22m[1m[22m[2m Γöé gzip:   1.17 kB[22m
[2mdist/[22m[36massets/index-3d21f708.js                               [39m[1m[2m    3.85 kB[22m[1m[22m[2m Γöé gzip:   1.19 kB[22m
[2mdist/[22m[36massets/useTenantAccess-678901e4.js                     [39m[1m[2m    3.89 kB[22m[1m[22m[2m Γöé gzip:   1.61 kB[22m
[2mdist/[22m[36massets/useCompanies-f529239d.js                        [39m[1m[2m    4.22 kB[22m[1m[22m[2m Γöé gzip:   1.06 kB[22m
[2mdist/[22m[36massets/index-5b12288d.js                               [39m[1m[2m    4.45 kB[22m[1m[22m[2m Γöé gzip:   1.78 kB[22m
[2mdist/[22m[36massets/useContracts-bca3eef9.js                        [39m[1m[2m    4.45 kB[22m[1m[22m[2m Γöé gzip:   1.15 kB[22m
[2mdist/[22m[36massets/useSystemHealth-6ffe9c5a.js                     [39m[1m[2m    4.46 kB[22m[1m[22m[2m Γöé gzip:   1.59 kB[22m
[2mdist/[22m[36massets/table-0cd3bcd6.js                               [39m[1m[2m    4.74 kB[22m[1m[22m[2m Γöé gzip:   1.36 kB[22m
[2mdist/[22m[36massets/index-d0bbd34a.js                               [39m[1m[2m    4.82 kB[22m[1m[22m[2m Γöé gzip:   2.06 kB[22m
[2mdist/[22m[36massets/checkbox-a0aaa03d.js                            [39m[1m[2m    4.90 kB[22m[1m[22m[2m Γöé gzip:   1.91 kB[22m
[2mdist/[22m[36massets/serviceContractService-884c513a.js              [39m[1m[2m    4.93 kB[22m[1m[22m[2m Γöé gzip:   1.69 kB[22m
[2mdist/[22m[36massets/useProducts-a8111877.js                         [39m[1m[2m    5.58 kB[22m[1m[22m[2m Γöé gzip:   1.16 kB[22m
[2mdist/[22m[36massets/index-cbcd628d.js                               [39m[1m[2m    5.67 kB[22m[1m[22m[2m Γöé gzip:   1.64 kB[22m
[2mdist/[22m[36massets/DataTable-d56a06f8.js                           [39m[1m[2m    6.07 kB[22m[1m[22m[2m Γöé gzip:   2.35 kB[22m
[2mdist/[22m[36massets/ServiceContainer-24a250b6.js                    [39m[1m[2m    6.33 kB[22m[1m[22m[2m Γöé gzip:   1.91 kB[22m
[2mdist/[22m[36massets/index-dec1d5c5.js                               [39m[1m[2m    6.51 kB[22m[1m[22m[2m Γöé gzip:   1.66 kB[22m
[2mdist/[22m[36massets/SuperAdminHealthPage-d3d01b8d.js                [39m[1m[2m    6.70 kB[22m[1m[22m[2m Γöé gzip:   2.36 kB[22m
[2mdist/[22m[36massets/JobWorksPage-72d8be26.js                        [39m[1m[2m    6.86 kB[22m[1m[22m[2m Γöé gzip:   2.80 kB[22m
[2mdist/[22m[36massets/index-0e65aaa8.js                               [39m[1m[2m    6.89 kB[22m[1m[22m[2m Γöé gzip:   2.70 kB[22m
[2mdist/[22m[36massets/dayjs.min-af9a10ff.js                           [39m[1m[2m    7.10 kB[22m[1m[22m[2m Γöé gzip:   3.09 kB[22m
[2mdist/[22m[36massets/useTickets-27afdb2d.js                          [39m[1m[2m    7.16 kB[22m[1m[22m[2m Γöé gzip:   2.00 kB[22m
[2mdist/[22m[36massets/useDashboard-05c8bd93.js                        [39m[1m[2m    7.29 kB[22m[1m[22m[2m Γöé gzip:   2.11 kB[22m
[2mdist/[22m[36massets/Timeline-28adf097.js                            [39m[1m[2m    7.59 kB[22m[1m[22m[2m Γöé gzip:   2.36 kB[22m
[2mdist/[22m[36massets/index-375abafd.js                               [39m[1m[2m    7.98 kB[22m[1m[22m[2m Γöé gzip:   2.72 kB[22m
[2mdist/[22m[36massets/TicketsPage-4b83ae47.js                         [39m[1m[2m    8.14 kB[22m[1m[22m[2m Γöé gzip:   3.03 kB[22m
[2mdist/[22m[36massets/LogsPage-ec165a4c.js                            [39m[1m[2m    8.66 kB[22m[1m[22m[2m Γöé gzip:   3.04 kB[22m
[2mdist/[22m[36massets/SuperAdminAnalyticsPage-0b4b0cb3.js             [39m[1m[2m    8.86 kB[22m[1m[22m[2m Γöé gzip:   3.09 kB[22m
[2mdist/[22m[36massets/SuperAdminRoleRequestsPage-d0a7b0af.js          [39m[1m[2m    9.01 kB[22m[1m[22m[2m Γöé gzip:   3.19 kB[22m
[2mdist/[22m[36massets/index-228d2af4.js                               [39m[1m[2m    9.05 kB[22m[1m[22m[2m Γöé gzip:   3.43 kB[22m
[2mdist/[22m[36massets/index-302a3c59.js                               [39m[1m[2m    9.15 kB[22m[1m[22m[2m Γöé gzip:   3.42 kB[22m
[2mdist/[22m[36massets/CustomerCreatePage-1fe6063e.js                  [39m[1m[2m    9.30 kB[22m[1m[22m[2m Γöé gzip:   2.58 kB[22m
[2mdist/[22m[36massets/PermissionMatrixPage-290f1b69.js                [39m[1m[2m    9.32 kB[22m[1m[22m[2m Γöé gzip:   3.49 kB[22m
[2mdist/[22m[36massets/ContractsPage-884bcc5f.js                       [39m[1m[2m    9.43 kB[22m[1m[22m[2m Γöé gzip:   3.25 kB[22m
[2mdist/[22m[36massets/DashboardPage-d01a75fe.js                       [39m[1m[2m    9.65 kB[22m[1m[22m[2m Γöé gzip:   3.19 kB[22m
[2mdist/[22m[36massets/index-e845b97a.js                               [39m[1m[2m    9.79 kB[22m[1m[22m[2m Γöé gzip:   2.44 kB[22m
[2mdist/[22m[36massets/index-03a1ca45.js                               [39m[1m[2m   10.23 kB[22m[1m[22m[2m Γöé gzip:   3.08 kB[22m
[2mdist/[22m[36massets/index-8ffc75f0.js                               [39m[1m[2m   10.28 kB[22m[1m[22m[2m Γöé gzip:   3.51 kB[22m
[2mdist/[22m[36massets/index-c7e46a14.js                               [39m[1m[2m   10.42 kB[22m[1m[22m[2m Γöé gzip:   2.93 kB[22m
[2mdist/[22m[36massets/index-f28b11b8.js                               [39m[1m[2m   11.00 kB[22m[1m[22m[2m Γöé gzip:   3.68 kB[22m
[2mdist/[22m[36massets/index-302b2551.js                               [39m[1m[2m   11.22 kB[22m[1m[22m[2m Γöé gzip:   4.06 kB[22m
[2mdist/[22m[36massets/TicketDetailPage-22d6d2c8.js                    [39m[1m[2m   11.40 kB[22m[1m[22m[2m Γöé gzip:   3.90 kB[22m
[2mdist/[22m[36massets/index-33ab237e.js                               [39m[1m[2m   11.66 kB[22m[1m[22m[2m Γöé gzip:   3.92 kB[22m
[2mdist/[22m[36massets/SuperAdminImpersonationHistoryPage-668aaf12.js  [39m[1m[2m   11.66 kB[22m[1m[22m[2m Γöé gzip:   3.86 kB[22m
[2mdist/[22m[36massets/RoleManagementPage-4464d790.js                  [39m[1m[2m   12.14 kB[22m[1m[22m[2m Γöé gzip:   4.06 kB[22m
[2mdist/[22m[36massets/SuperAdminLogsPage-20d37cb2.js                  [39m[1m[2m   12.14 kB[22m[1m[22m[2m Γöé gzip:   3.96 kB[22m
[2mdist/[22m[36massets/CustomerEditPage-ec3f6475.js                    [39m[1m[2m   12.39 kB[22m[1m[22m[2m Γöé gzip:   3.65 kB[22m
[2mdist/[22m[36massets/NotificationsPage-76b779ac.js                   [39m[1m[2m   13.39 kB[22m[1m[22m[2m Γöé gzip:   4.30 kB[22m
[2mdist/[22m[36massets/index-c43fad42.js                               [39m[1m[2m   13.43 kB[22m[1m[22m[2m Γöé gzip:   5.07 kB[22m
[2mdist/[22m[36massets/index-12ec2fde.js                               [39m[1m[2m   13.44 kB[22m[1m[22m[2m Γöé gzip:   4.35 kB[22m
[2mdist/[22m[36massets/CustomerDetailPage-dbea1834.js                  [39m[1m[2m   13.52 kB[22m[1m[22m[2m Γöé gzip:   4.22 kB[22m
[2mdist/[22m[36massets/useSales-9c9a5e5b.js                            [39m[1m[2m   13.57 kB[22m[1m[22m[2m Γöé gzip:   4.02 kB[22m
[2mdist/[22m[36massets/immer-5bb781e0.js                               [39m[1m[2m   14.16 kB[22m[1m[22m[2m Γöé gzip:   5.68 kB[22m
[2mdist/[22m[36massets/CompaniesPage-3f11d955.js                       [39m[1m[2m   14.26 kB[22m[1m[22m[2m Γöé gzip:   4.74 kB[22m
[2mdist/[22m[36massets/useCustomers-cbd53b41.js                        [39m[1m[2m   14.87 kB[22m[1m[22m[2m Γöé gzip:   4.62 kB[22m
[2mdist/[22m[36massets/TicketsFormPanel-fa8456cd.js                    [39m[1m[2m   15.02 kB[22m[1m[22m[2m Γöé gzip:   5.30 kB[22m
[2mdist/[22m[36massets/ServiceContractDetailPage-c44bae36.js           [39m[1m[2m   15.72 kB[22m[1m[22m[2m Γöé gzip:   4.92 kB[22m
[2mdist/[22m[36massets/ProductsPage-53ffbc5d.js                        [39m[1m[2m   15.78 kB[22m[1m[22m[2m Γöé gzip:   5.02 kB[22m
[2mdist/[22m[36massets/index-ab5a15e3.js                               [39m[1m[2m   16.20 kB[22m[1m[22m[2m Γöé gzip:   4.95 kB[22m
[2mdist/[22m[36massets/SuperAdminConfigurationPage-30d3a50a.js         [39m[1m[2m   16.37 kB[22m[1m[22m[2m Γöé gzip:   5.60 kB[22m
[2mdist/[22m[36massets/progress-6b686b80.js                            [39m[1m[2m   16.40 kB[22m[1m[22m[2m Γöé gzip:   6.01 kB[22m
[2mdist/[22m[36massets/PDFTemplatesPage-f424c325.js                    [39m[1m[2m   16.41 kB[22m[1m[22m[2m Γöé gzip:   5.37 kB[22m
[2mdist/[22m[36massets/index-a9476ba1.js                               [39m[1m[2m   17.79 kB[22m[1m[22m[2m Γöé gzip:   5.02 kB[22m
[2mdist/[22m[36massets/useJobWorks-62494a99.js                         [39m[1m[2m   18.22 kB[22m[1m[22m[2m Γöé gzip:   4.91 kB[22m
[2mdist/[22m[36massets/SuperAdminDashboardPage-cf27db61.js             [39m[1m[2m   18.63 kB[22m[1m[22m[2m Γöé gzip:   6.11 kB[22m
[2mdist/[22m[36massets/SuperAdminUsersPage-97b25654.js                 [39m[1m[2m   18.66 kB[22m[1m[22m[2m Γöé gzip:   6.10 kB[22m
[2mdist/[22m[36massets/SuperAdminTenantsPage-31d0c0e1.js               [39m[1m[2m   18.83 kB[22m[1m[22m[2m Γöé gzip:   6.47 kB[22m
[2mdist/[22m[36massets/ContractFormPanel-96f46b47.js                   [39m[1m[2m   20.14 kB[22m[1m[22m[2m Γöé gzip:   5.26 kB[22m
[2mdist/[22m[36massets/index-5763cad3.js                               [39m[1m[2m   20.45 kB[22m[1m[22m[2m Γöé gzip:   3.48 kB[22m
[2mdist/[22m[36massets/ServiceContractsPage-5415fe3e.js                [39m[1m[2m   21.01 kB[22m[1m[22m[2m Γöé gzip:   6.09 kB[22m
[2mdist/[22m[36massets/index-d013daab.js                               [39m[1m[2m   21.71 kB[22m[1m[22m[2m Γöé gzip:   8.04 kB[22m
[2mdist/[22m[36massets/index-5dc0d9dd.js                               [39m[1m[2m   22.61 kB[22m[1m[22m[2m Γöé gzip:   8.47 kB[22m
[2mdist/[22m[36massets/index-8becd22f.js                               [39m[1m[2m   23.87 kB[22m[1m[22m[2m Γöé gzip:   8.19 kB[22m
[2mdist/[22m[36massets/Pagination-c6513af4.js                          [39m[1m[2m   24.13 kB[22m[1m[22m[2m Γöé gzip:   7.34 kB[22m
[2mdist/[22m[36massets/index-1f512488.js                               [39m[1m[2m   24.68 kB[22m[1m[22m[2m Γöé gzip:   8.85 kB[22m
[2mdist/[22m[36massets/index-14f589b4.js                               [39m[1m[2m   25.07 kB[22m[1m[22m[2m Γöé gzip:   6.51 kB[22m
[2mdist/[22m[36massets/UsersPage-56702235.js                           [39m[1m[2m   25.76 kB[22m[1m[22m[2m Γöé gzip:   7.89 kB[22m
[2mdist/[22m[36massets/index-ccfe7cdf.js                               [39m[1m[2m   27.53 kB[22m[1m[22m[2m Γöé gzip:   9.12 kB[22m
[2mdist/[22m[36massets/ComplaintsPage-9464e9d9.js                      [39m[1m[2m   27.65 kB[22m[1m[22m[2m Γöé gzip:   8.04 kB[22m
[2mdist/[22m[36massets/index-6cc08e8f.js                               [39m[1m[2m   27.82 kB[22m[1m[22m[2m Γöé gzip:  10.01 kB[22m
[2mdist/[22m[36massets/index-a479596d.js                               [39m[1m[2m   32.87 kB[22m[1m[22m[2m Γöé gzip:   9.41 kB[22m
[2mdist/[22m[36massets/index-dbf995e0.js                               [39m[1m[2m   35.38 kB[22m[1m[22m[2m Γöé gzip:  12.54 kB[22m
[2mdist/[22m[36massets/CustomerListPage-dc84b38a.js                    [39m[1m[2m   36.88 kB[22m[1m[22m[2m Γöé gzip:  10.35 kB[22m
[2mdist/[22m[36massets/ConfigurationTestPage-b6495753.js               [39m[1m[2m   44.74 kB[22m[1m[22m[2m Γöé gzip:  13.56 kB[22m
[2mdist/[22m[36massets/select-18bb8833.js                              [39m[1m[2m   45.79 kB[22m[1m[22m[2m Γöé gzip:  14.66 kB[22m
[2mdist/[22m[36massets/SalesPage-49acf84e.js                           [39m[1m[2m   48.30 kB[22m[1m[22m[2m Γöé gzip:  12.79 kB[22m
[2mdist/[22m[36massets/TenantConfigurationPage-8169db9f.js             [39m[1m[2m   58.31 kB[22m[1m[22m[2m Γöé gzip:  17.19 kB[22m
[2mdist/[22m[36massets/row-2540604f.js                                 [39m[1m[2m   63.62 kB[22m[1m[22m[2m Γöé gzip:  19.39 kB[22m
[2mdist/[22m[36massets/ContractDetailPage-ed7737c4.js                  [39m[1m[2m  102.94 kB[22m[1m[22m[2m Γöé gzip:  19.74 kB[22m
[2mdist/[22m[36massets/index-db3b72b7.js                               [39m[1m[2m  106.05 kB[22m[1m[22m[2m Γöé gzip:  34.33 kB[22m
[2mdist/[22m[36massets/Input-c0a2d98c.js                               [39m[1m[2m  118.20 kB[22m[1m[22m[2m Γöé gzip:  36.86 kB[22m
[2mdist/[22m[36massets/Table-5b704de2.js                               [39m[1m[2m  160.64 kB[22m[1m[22m[2m Γöé gzip:  52.13 kB[22m
[2mdist/[22m[36massets/ProductSalesPage-c475ca22.js                    [39m[1m[33m  902.21 kB[39m[22m[2m Γöé gzip: 256.61 kB[22m
[2mdist/[22m[36massets/index-71c9a66c.js                               [39m[1m[33m2,265.85 kB[39m[22m[2m Γöé gzip: 661.84 kB[22m

(!) Some chunks are larger than 500 kBs after minification. Consider:
- Using dynamic import() to code-split the application
- Use build.rollupOptions.output.manualChunks to improve chunking: https://rollupjs.org/configuration-options/#output-manualchunks
- Adjust chunk size limit for this warning via build.chunkSizeWarningLimit.
[32mΓ£ô built in 1m 33s[39m
